---
source: crates/eml_cli/tests/ui.rs
expression: rendered
input_file: tests/ui/check-fail/types/not_comparable.em
---
[E2006] Error: no instance of `Eq` for `Color`
   ╭─[ check-fail/types/not_comparable.em:7:14 ]
   │
 7 │ same a b = a == b
   │              ─┬  
   │               ╰── `==` requires `Eq Color`
───╯
