---
source: crates/eml_cli/tests/ui.rs
expression: rendered
input_file: tests/ui/check-fail/types/ambiguous_equality_section.em
---
[E2009] Error: cannot decide which instance of `Eq` `==` uses
   ╭─[ check-fail/types/ambiguous_equality_section.em:4:13 ]
   │
 4 │   let eq = (==)
   │             ─┬  
   │              ╰── the type here is never decided
   │ 
   │ Help: add a type annotation
───╯
