---
source: crates/eml_cli/tests/ui.rs
expression: rendered
input_file: tests/ui/check-fail/classes/ambiguous_interpolation.em
---
[E2009] Error: cannot decide which instance of `Show` to use for `display`
   ╭─[ check-fail/classes/ambiguous_interpolation.em:3:13 ]
   │
 3 │ empty () = "\{[]}"
   │             ──┬──  
   │               ╰──── the type here is never decided
   │ 
   │ Help: add a type annotation
───╯
