---
source: crates/eml_cli/tests/ui.rs
expression: rendered
input_file: tests/ui/check-fail/classes/superclass_cycle.em
---
[E1042] Error: the superclasses of `Right` make a cycle
   ╭─[ check-fail/classes/superclass_cycle.em:5:17 ]
   │
 5 │ class Left a => Right a where
   │                 ──┬──  
   │                   ╰──── this class closes the cycle
   │ 
   │ Note: the cycle is `Left` -> `Right` -> `Left`
───╯
