---
source: crates/eml_cli/tests/ui.rs
expression: rendered
input_file: tests/ui/check-fail/types/ambiguous_equality_section.em
---
[E2006] Error: values of type `_` cannot be compared with `==`
   ╭─[ check-fail/types/ambiguous_equality_section.em:4:13 ]
   │
 4 │   let eq = (==)
   │             ─┬  
   │              ╰── `==` cannot compare `_`
   │ 
   │ Note: `==` and `!=` compare only values of type `Int`, `String` and `Bool`
───╯
