---
source: crates/eml_cli/tests/ui.rs
expression: rendered
input_file: tests/ui/check-fail/types/linear_function_in_unr_field.em
---
[E2001] Error: mismatched types
    ╭─[ check-fail/types/linear_function_in_unr_field.em:12:23 ]
    │
 12 │     | ask () k -> Box k
    │                   ─┬─ ┬  
    │                    ╰───── argument 1 of `Box`
    │                       │  
    │                       ╰── expected `Int -> Box`, found `Int -> Box`
    │ 
    │ Note: these function types differ in how many times the function may be called: one can be called only once, the other any number of times
────╯
