---
source: crates/eml_cli/tests/ui.rs
expression: rendered
input_file: tests/ui/check-fail/types/not_comparable.em
---
[E2006] Error: no instance of `Eq` for `Color`
   ╭─[ check-fail/types/not_comparable.em:7:14 ]
   │
 7 │ same a b = a == b
   │              ─┬  
   │               ╰── `==` requires `Eq Color`
───╯
[E2006] Error: no instance of `Eq` for `(Int, Int)`
    ╭─[ check-fail/types/not_comparable.em:10:12 ]
    │
 10 │ pair p = p != (1, 2)
    │            ─┬  
    │             ╰── `!=` requires `Eq (Int, Int)`
────╯
