---
source: crates/eml_cli/tests/ui.rs
expression: rendered
input_file: tests/ui/check-fail/names/ambiguous_name/main.em
---
[E1028] Error: `pick` is ambiguous
   ╭─[ check-fail/names/ambiguous_name/main.em:6:26 ]
   │
 6 │ main () = println (show (pick 1))
   │                          ──┬─  
   │                            ╰─── this name refers to more than one definition
   │
   ├─[ check-fail/names/ambiguous_name/main.em:6:26 ]
   │
 2 │ import Left (pick)
   │ ─────────┬────────  
   │          ╰────────── one of the definitions is imported here
 3 │ import Right (pick)
   │ ─────────┬─────────  
   │          ╰─────────── one of the definitions is imported here
───╯
