---
source: crates/eml_cli/tests/ui.rs
expression: rendered
input_file: tests/ui/check-fail/names/duplicate_clause_binding.em
---
[E1017] Error: `n` is bound more than once
    ╭─[ check-fail/names/duplicate_clause_binding.em:11:13 ]
    │
 11 │     | ask n n -> n 1
    │           ┬ ┬  
    │           ╰──── first bound here
    │             │  
    │             ╰── bound again here
────╯
