---
source: crates/eml_cli/tests/ui.rs
expression: rendered
input_file: tests/ui/check-fail/not-yet-supported/cons_pattern.em
---
[E0004] Error: lists are not supported yet
   ╭─[ check-fail/not-yet-supported/cons_pattern.em:5:9 ]
   │
 5 │     | y :: ys -> y
   │         ─┬  
   │          ╰── this is implemented in a later stage
───╯
