---
source: crates/eml_cli/tests/ui.rs
expression: rendered
input_file: tests/ui/check-fail/types/constructor_pattern_mismatch.em
---
[E2001] Error: mismatched types
    ╭─[ check-fail/types/constructor_pattern_mismatch.em:12:5 ]
    │
 12 │   | Some x -> x
    │     ───┬──  
    │        ╰──── expected `Main.List Int`, found `Main.Option _`
    │ 
    │ Note: `Main.Some` is a constructor of `Main.Option`
────╯
