---
source: crates/eml_cli/tests/ui.rs
expression: rendered
input_file: tests/ui/check-fail/names/duplicate_operation_and_function.em
---
[E1003] Error: `ask` is defined more than once
   ╭─[ check-fail/names/duplicate_operation_and_function.em:5:1 ]
   │
 5 │ ask : Unit -> Int
   │ ─┬─  
   │  ╰─── defined again here
   │
   ├─[ check-fail/names/duplicate_operation_and_function.em:5:1 ]
   │
 3 │   ask : Unit -> Int
   │   ─┬─  
   │    ╰─── first defined here
───╯
