---
source: crates/eml_cli/tests/ui.rs
expression: rendered
input_file: tests/ui/check-fail/types/resume_state.em
---
[E2001] Error: mismatched types
   ╭─[ check-fail/types/resume_state.em:8:22 ]
   │
 8 │     | ask () k st -> resume k st
   │                      ─────┬─────  
   │                           ╰─────── expected `Int`, found `Int -> Int`
   │ 
   │ Note: each clause of a handler must have the type of the whole `handle` expression
───╯
[E2001] Error: `k` takes 1 argument but 2 were given
    ╭─[ check-fail/types/resume_state.em:14:30 ]
    │
 14 │     | ask () k -> resume k 1 2
    │                              ┬  
    │                              ╰── unexpected argument
────╯
[E2001] Error: mismatched types
    ╭─[ check-fail/types/resume_state.em:21:9 ]
    │
 21 │         again k
    │         ───┬───  
    │            ╰───── expected `Int`, found `Int -> Int`
    │ 
    │ Note: each clause of a handler must have the type of the whole `handle` expression
────╯
