---
source: crates/eml_cli/tests/ui.rs
expression: rendered
input_file: tests/ui/check-fail/later_stage_lambda_syntax.em
---
[E0004] Error: tuple patterns are not supported yet
   ╭─[ check-fail/later_stage_lambda_syntax.em:4:17 ]
   │
 4 │   let swap = fn (a, b) -> (b, a)
   │                 ───┬──  
   │                    ╰──── this is implemented in a later stage
───╯
[E0004] Error: tuples are not supported yet
   ╭─[ check-fail/later_stage_lambda_syntax.em:4:27 ]
   │
 4 │   let swap = fn (a, b) -> (b, a)
   │                           ───┬──  
   │                              ╰──── this is implemented in a later stage
───╯
[E0004] Error: operator references are not supported yet
   ╭─[ check-fail/later_stage_lambda_syntax.em:5:14 ]
   │
 5 │   let plus = (+)
   │              ─┬─  
   │               ╰─── this is implemented in a later stage
───╯
