---
source: crates/eml_cli/tests/ui.rs
expression: rendered
input_file: tests/ui/check-fail/names/duplicate_definition.em
---
[E1003] Error: `twice` is defined more than once
   ╭─[ check-fail/names/duplicate_definition.em:8:1 ]
   │
 8 │ twice : Int -> Int
   │ ──┬──  
   │   ╰──── defined again here
   │
   ├─[ check-fail/names/duplicate_definition.em:8:1 ]
   │
 2 │ twice : Int -> Int
   │ ──┬──  
   │   ╰──── first defined here
───╯
