---
source: crates/eml_cli/tests/ui.rs
expression: rendered
input_file: tests/ui/check-fail/names/handler_clauses.em
---
[E1010] Error: the clause for `ask` takes 2 parameters, but this one has 1
    ╭─[ check-fail/names/handler_clauses.em:19:7 ]
    │
 19 │     | ask key -> key
    │       ─┬─  
    │        ╰─── this clause
    │ 
    │ Note: the clause takes the arguments of `ask` and then the continuation `k`
────╯
[E1012] Error: a handler can handle only one effect
    ╭─[ check-fail/names/handler_clauses.em:26:7 ]
    │
 26 │     | ask key k -> resume k key
    │       ─┬─  
    │        ╰─── `ask` is an operation of `Ask`
    │
    ├─[ check-fail/names/handler_clauses.em:26:7 ]
    │
 25 │     | log message k -> resume k ()
    │       ─┬─  
    │        ╰─── this handler handles `Log` because of this clause
    │ 
    │ Help: handle each effect with its own `handle`
────╯
[E1013] Error: this handler has no clause for `ask_twice` of `Ask`
    ╭─[ check-fail/names/handler_clauses.em:30:3 ]
    │
 30 │   handle run () with
    │   ───┬──  
    │      ╰──── this handler
    │ 
    │ Help: add `| ask_twice _ k -> ...`
────╯
[E1014] Error: `ask` has more than one clause in this handler
    ╭─[ check-fail/names/handler_clauses.em:38:7 ]
    │
 38 │     | ask key k -> resume k "again"
    │       ─┬─  
    │        ╰─── another clause for `ask`
    │
    ├─[ check-fail/names/handler_clauses.em:38:7 ]
    │
 36 │     | ask key k -> resume k key
    │       ─┬─  
    │        ╰─── the first clause
────╯
[E1014] Error: this handler has more than one `return` clause
    ╭─[ check-fail/names/handler_clauses.em:40:5 ]
    │
 40 │     | return y -> y
    │     ───────┬───────  
    │            ╰───────── another `return` clause
    │
    ├─[ check-fail/names/handler_clauses.em:40:5 ]
    │
 39 │     | return x -> x
    │     ───────┬───────  
    │            ╰───────── the first `return` clause
────╯
[E1010] Error: the clause for `fail` takes 1 parameter, but this one has 2
    ╭─[ check-fail/names/handler_clauses.em:45:7 ]
    │
 45 │     | fail message k -> message
    │       ──┬─  
    │         ╰─── this clause
    │ 
    │ Note: `fail` is a `never` operation, so its clause takes only the arguments of the operation
────╯
[E1013] Error: this handler has no operation clauses
    ╭─[ check-fail/names/handler_clauses.em:49:3 ]
    │
 49 │   handle run () with
    │   ───┬──  
    │      ╰──── this handler
    │ 
    │ Note: a handler handles all the operations of one effect
────╯
