---
source: crates/eml_cli/tests/ui.rs
expression: rendered
input_file: tests/ui/check-fail/not_yet_supported.em
---
[E0004] Error: `data` declarations are not supported yet
   ╭─[ check-fail/not_yet_supported.em:2:1 ]
   │
 2 │ data Color = | Red | Green
   │ ──┬─  
   │   ╰─── this is implemented in a later stage
───╯
[E0004] Error: lambdas are not supported yet
   ╭─[ check-fail/not_yet_supported.em:9:11 ]
   │
 9 │   let f = fn x -> x
   │           ─┬  
   │            ╰── this is implemented in a later stage
───╯
