---
source: crates/eml_cli/tests/ui.rs
expression: rendered
input_file: tests/ui/check-fail/multi_return_clause.em
---
[E3001] Error: `k` must be used exactly once, but the `return` clause of a handler with a `multi` operation captures it
    ╭─[ check-fail/multi_return_clause.em:15:14 ]
    │
 15 │     | ask () k ->
    │              ┬  
    │              ╰── `k` is bound here
    │ 
    │ Note 1: linear values, such as the continuation of a `once` operation and closures that capture one, must be used exactly once
    │ 
    │ Note 2: the `return` clause runs each time a continuation of a `multi` operation is resumed
────╯
