---
source: crates/eml_cli/tests/ui.rs
expression: "format!(\"--- stdout ---\\n{stdout}--- stderr ---\\n{stderr}\")"
input_file: tests/ui/run/data/unreachable_arm.em
---
--- stdout ---
any
--- stderr ---
[E4004] Warning: unreachable `match` arm
   ╭─[ run/data/unreachable_arm.em:9:5 ]
   │
 9 │   | Red -> "red"
   │     ─┬─  
   │      ╰─── the arms above already match every value of this pattern
───╯
