---
source: crates/eml_cli/tests/ui.rs
expression: rendered
input_file: tests/ui/check-fail/not_yet_supported.em
---
[E0004] Error: `data` declarations are not supported yet
   ╭─[ check-fail/not_yet_supported.em:2:1 ]
   │
 2 │ data Color = | Red | Green
   │ ──┬─  
   │   ╰─── this is implemented in a later stage
───╯
