---
source: crates/eml_cli/tests/ui.rs
expression: rendered
input_file: tests/ui/check-fail/pipe_into_function_parameter.em
---
[E2002] Error: `println` performs `IO`, which this lambda does not allow
   ╭─[ check-fail/pipe_into_function_parameter.em:6:20 ]
   │
 6 │ main () = (fn s -> println s) |> each
   │                    ────┬────     ──┬─  
   │                        ╰─────────────── this call performs `IO`
   │                                    │   
   │                                    ╰─── argument 1 of `each` does not allow it
───╯
