---
source: crates/eml_cli/tests/ui.rs
expression: rendered
input_file: tests/ui/check-fail/effect_in_lambda.em
---
[E2002] Error: `println` performs `IO`, which this lambda does not allow
   ╭─[ check-fail/effect_in_lambda.em:6:25 ]
   │
 6 │ main () = each (fn s -> println s)
   │           ──┬─          ────┬────  
   │             ╰────────────────────── argument 1 of `each` does not allow it
   │                             │      
   │                             ╰────── this call performs `IO`
───╯
