---
source: crates/eml_cli/tests/ui.rs
expression: rendered
input_file: tests/ui/check-fail/resume_and_drop_arity.em
---
[E1011] Error: `resume` takes a continuation and a value, but 1 argument was given
   ╭─[ check-fail/resume_and_drop_arity.em:9:19 ]
   │
 9 │     | ask () k -> resume k
   │                   ───┬──  
   │                      ╰──── this `resume`
───╯
[E1011] Error: `drop` takes one value, but 2 arguments were given
    ╭─[ check-fail/resume_and_drop_arity.em:15:9 ]
    │
 15 │         drop k 1
    │         ──┬─  
    │           ╰─── this `drop`
────╯
