---
source: crates/eml_cli/tests/ui.rs
expression: rendered
input_file: tests/ui/check-fail/continuation_misuse.em
---
[E3001] Error: `k` must be used exactly once, but it may be used more than once
   ╭─[ check-fail/continuation_misuse.em:8:14 ]
   │
 8 │     | ask () k -> resume k 1 + resume k 2
   │              ┬  
   │              ╰── `k` is bound here
   │ 
   │ Note: linear values, such as the continuation of a `once` operation and closures that capture one, must be used exactly once
───╯
