---
source: crates/eml_cli/tests/ui.rs
expression: rendered
input_file: tests/ui/check-fail/syntax/multiple_errors.em
---
[E0001] Error: unexpected character `€`
   ╭─[ check-fail/syntax/multiple_errors.em:2:1 ]
   │
 2 │ €
   │ ┬  
   │ ╰── not valid in eml source
───╯
[E0003] Error: expected an item
   ╭─[ check-fail/syntax/multiple_errors.em:3:1 ]
   │
 3 │ foo
   │ ─┬─  
   │  ╰─── not the start of an item
───╯
[E0001] Error: unexpected character `€`
   ╭─[ check-fail/syntax/multiple_errors.em:4:1 ]
   │
 4 │ €
   │ ┬  
   │ ╰── not valid in eml source
───╯
