---
source: crates/eml_cli/tests/ui.rs
expression: rendered
input_file: tests/ui/check-fail/names/effect_arguments.em
---
[E1003] Error: `a` is defined more than once
   ╭─[ check-fail/names/effect_arguments.em:8:15 ]
   │
 8 │ effect Pair a a where
   │             ┬ ┬  
   │             ╰──── first defined here
   │               │  
   │               ╰── defined again here
───╯
[E1008] Error: the result type of a `never` operation must be a type variable that does not appear in its parameters
    ╭─[ check-fail/names/effect_arguments.em:12:25 ]
    │
 12 │   never raise : Unit -> e
    │                         ┬  
    │                         ╰── this is a type parameter of the effect
    │ 
    │ Note: a `never` operation does not return, so its caller may use the result as any type
────╯
[E1015] Error: `State` takes 1 type argument, but 0 were given
    ╭─[ check-fail/names/effect_arguments.em:14:20 ]
    │
 14 │ missing : Unit -> <State> Int
    │                    ──┬──  
    │                      ╰──── expected 1 type argument
────╯
[E1015] Error: `State` takes 1 type argument, but 2 were given
    ╭─[ check-fail/names/effect_arguments.em:17:18 ]
    │
 17 │ extra : Unit -> <State Int String> Int
    │                  ────────┬───────  
    │                          ╰───────── expected 1 type argument
────╯
[E2001] Error: `put` performs `State String`, but the row allows `State Int`
    ╭─[ check-fail/names/effect_arguments.em:21:12 ]
    │
 21 │ wrong () = put "text"
    │            ─────┬────  
    │                 ╰────── this call performs `State String`
    │ 
    │ Note: the type arguments of an effect must match those in the row
────╯
