---
source: crates/eml_cli/tests/ui.rs
expression: rendered
input_file: tests/ui/check-fail/types/resume_state.em
---
[E2007] Error: this continuation comes from a handler with a state, so `resume` needs the next state
   ╭─[ check-fail/types/resume_state.em:8:22 ]
   │
 8 │     | ask () k st -> resume k st
   │                      ─────┬─────  
   │                           ╰─────── the next state is missing
   │ 
   │ Help: pass the next state as the third argument: `resume k v st`
───╯
[E2007] Error: this continuation comes from a handler without a state, so `resume` takes no state
    ╭─[ check-fail/types/resume_state.em:14:19 ]
    │
 14 │     | ask () k -> resume k 1 2
    │                   ──────┬─────  
    │                         ╰─────── the state argument is not expected
    │ 
    │ Help: remove the third argument
────╯
[E2007] Error: a continuation of a handler with a state meets one of a handler without a state
    ╭─[ check-fail/types/resume_state.em:21:15 ]
    │
 21 │         again k
    │               ┬  
    │               ╰── the states of the continuations differ here
    │ 
    │ Note: a continuation of a handler with a state is resumed with three arguments, and one without a state with two
────╯
