---
source: crates/eml_cli/tests/ui.rs
expression: rendered
input_file: tests/ui/check-fail/later_stage_effects.em
---
[E0004] Error: handlers with `from` are not supported yet
   ╭─[ check-fail/later_stage_effects.em:7:21 ]
   │
 7 │   handle counter () from n with
   │                     ──┬─  
   │                       ╰─── this is implemented in a later stage
───╯
